export const snapshot = {};

snapshot[`translations - English key set baseline 1`] = `
[
  "Activities.Activity",
  "Activities.Activity Kind",
  "Activities.Activity created successfully",
  "Activities.Add Activity",
  "Activities.Attending",
  "Activities.Broadcast",
  "Activities.Conference",
  "Activities.Discover upcoming activities and meetups",
  "Activities.End Time",
  "Activities.External Activity URL",
  "Activities.External Attendance URL",
  "Activities.Failed to create activity",
  "Activities.Interested",
  "Activities.Meeting",
  "Activities.Meetup",
  "Activities.No activities yet",
  "Activities.Not Attending",
  "Activities.Organized by",
  "Activities.RSVP Disabled",
  "Activities.RSVP Enabled",
  "Activities.RSVP Managed Externally",
  "Activities.RSVP Mode",
  "Activities.Register Externally",
  "Activities.Start Time",
  "Activities.Workshop",
  "Admin.Add Points",
  "Admin.Admin Area",
  "Admin.All Kinds",
  "Admin.All Profiles",
  "Admin.All point transactions for this profile",
  "Admin.Approve Selected",
  "Admin.Approved Awards",
  "Admin.Awards",
  "Admin.Awards awaiting review",
  "Admin.Balance After",
  "Admin.Basic profile details",
  "Admin.Current Balance",
  "Admin.Disable",
  "Admin.Disabled",
  "Admin.Edit Profile",
  "Admin.Enable",
  "Admin.Error Count",
  "Admin.Event",
  "Admin.Failed to add points",
  "Admin.Failed to load statistics",
  "Admin.Filter by status",
  "Admin.Has translation",
  "Admin.Idle",
  "Admin.Last Error",
  "Admin.Last Run",
  "Admin.Manage site content and settings.",
  "Admin.Manually add points to this profile",
  "Admin.Never",
  "Admin.Next Run",
  "Admin.No awards found",
  "Admin.No profiles found",
  "Admin.No transactions found",
  "Admin.No translation",
  "Admin.No workers found",
  "Admin.Pending Awards",
  "Admin.Pending by Event Type",
  "Admin.Please enter a description",
  "Admin.Please enter a valid amount",
  "Admin.Point Awards",
  "Admin.Points Awarded",
  "Admin.Points added successfully",
  "Admin.Profile Information",
  "Admin.Profiles",
  "Admin.Reason for adding points...",
  "Admin.Reject Selected",
  "Admin.Rejected Awards",
  "Admin.Run Now",
  "Admin.Running",
  "Admin.Skip Count",
  "Admin.Success Count",
  "Admin.Total approved awards",
  "Admin.Total points",
  "Admin.Total points distributed",
  "Admin.Total rejected awards",
  "Admin.Transaction History",
  "Admin.Translation Status",
  "Admin.Triggering...",
  "Admin.Visit Profile",
  "Admin.Worker Name",
  "Admin.Worker triggered",
  "Admin.Workers",
  "Admin.no translation found",
  "Articles.Add Article",
  "Articles.Article created successfully",
  "Articles.Failed to create article",
  "Auth.Access Denied",
  "Auth.Authenticating",
  "Auth.Choose a login method",
  "Auth.Login",
  "Auth.Login with Apple",
  "Auth.Login with GitHub",
  "Auth.LoginFailed",
  "Auth.LoginSuccess",
  "Auth.Logout",
  "Auth.My Profile",
  "Auth.PleaseWait",
  "Auth.Profiles",
  "Auth.RedirectingToHomepage",
  "Auth.ReturnToHomepage",
  "Auth.TryAgainOrReturnToHomepage",
  "Auth.You don't have permission to edit this page.",
  "Auth.You don't have permission to edit this story.",
  "Auth.You need to be logged in to create a profile.",
  "Auth.You need to be logged in with a profile to create stories.",
  "Bulletin.Channels",
  "Bulletin.Daily",
  "Bulletin.Dont send",
  "Bulletin.Email",
  "Bulletin.Email help",
  "Bulletin.Email not specified",
  "Bulletin.Emails delivered to",
  "Bulletin.Every 2 days",
  "Bulletin.Failed to save",
  "Bulletin.Last digest sent at",
  "Bulletin.Manage your digest delivery preferences.",
  "Bulletin.No digest sent yet",
  "Bulletin.Preferences saved",
  "Bulletin.Preferred Sending Hour",
  "Bulletin.Sending Frequency",
  "Bulletin.Telegram",
  "Bulletin.Telegram not connected",
  "Bulletin.Weekly",
  "Common.Actions",
  "Common.All",
  "Common.Amount",
  "Common.Apply",
  "Common.Approved",
  "Common.Back",
  "Common.Bulletins",
  "Common.Cancel",
  "Common.Close",
  "Common.Coming soon",
  "Common.Connecting...",
  "Common.Created",
  "Common.Dashboard",
  "Common.Date",
  "Common.DateLong",
  "Common.DateOnly",
  "Common.DateShort",
  "Common.DateTimeLong",
  "Common.DateTimeShort",
  "Common.Delete",
  "Common.Description",
  "Common.Done",
  "Common.Edit",
  "Common.Envelopes",
  "Common.General",
  "Common.ID",
  "Common.Inbox",
  "Common.Individual",
  "Common.Kind",
  "Common.Load more",
  "Common.Loading",
  "Common.Loading...",
  "Common.MonthShort",
  "Common.MonthYear",
  "Common.Next",
  "Common.Organization",
  "Common.Overview",
  "Common.Page",
  "Common.Pending",
  "Common.Points",
  "Common.Previous",
  "Common.Private",
  "Common.Product",
  "Common.Pronouns",
  "Common.Refresh",
  "Common.Rejected",
  "Common.RelativeTime",
  "Common.Remove",
  "Common.Reset",
  "Common.Save",
  "Common.Saving...",
  "Common.Selected",
  "Common.Settings",
  "Common.Skip",
  "Common.Slug",
  "Common.Status",
  "Common.This field is required",
  "Common.Title",
  "Common.Type",
  "Common.Unknown",
  "Common.View",
  "Content.Add Content",
  "Content.Content created successfully",
  "Content.Failed to create content",
  "Content.Latest content from the AYA community",
  "ContentEditor.AI translation not available",
  "ContentEditor.Add Page",
  "ContentEditor.Add Story",
  "ContentEditor.Alt Text",
  "ContentEditor.Alt text helps with accessibility and SEO",
  "ContentEditor.An unexpected error occurred",
  "ContentEditor.Assign this story to a series or create a new one.",
  "ContentEditor.Assign to series...",
  "ContentEditor.Auto-translate",
  "ContentEditor.Auto-translate confirmation",
  "ContentEditor.Auto-translate failed",
  "ContentEditor.Back to Page",
  "ContentEditor.Back to Profile",
  "ContentEditor.Back to Story",
  "ContentEditor.Bold",
  "ContentEditor.Brief summary...",
  "ContentEditor.Bullet List",
  "ContentEditor.Code",
  "ContentEditor.Collapse sidebar",
  "ContentEditor.Compiling...",
  "ContentEditor.Cover Picture URI",
  "ContentEditor.Create",
  "ContentEditor.Delete Confirmation",
  "ContentEditor.Describe the image...",
  "ContentEditor.Disabled",
  "ContentEditor.Discussions",
  "ContentEditor.Discussions disabled description",
  "ContentEditor.Discussions enabled description",
  "ContentEditor.Draft",
  "ContentEditor.Drop an image here or click to browse",
  "ContentEditor.Edit Page",
  "ContentEditor.Edit Publications",
  "ContentEditor.Edit Story",
  "ContentEditor.Editor Only",
  "ContentEditor.Enabled",
  "ContentEditor.Enter title...",
  "ContentEditor.Expand sidebar",
  "ContentEditor.Failed to add publication",
  "ContentEditor.Failed to create story",
  "ContentEditor.Failed to delete page",
  "ContentEditor.Failed to delete story",
  "ContentEditor.Failed to get upload URL",
  "ContentEditor.Failed to remove publication",
  "ContentEditor.Failed to remove translation",
  "ContentEditor.Failed to save story",
  "ContentEditor.Failed to update publication",
  "ContentEditor.Failed to upload file",
  "ContentEditor.Failed to upload image",
  "ContentEditor.Featured",
  "ContentEditor.File size must be less than 50MB",
  "ContentEditor.Heading 2",
  "ContentEditor.Heading 3",
  "ContentEditor.Image uploaded successfully",
  "ContentEditor.Insert",
  "ContentEditor.Insert Image",
  "ContentEditor.Invalid URI",
  "ContentEditor.Italic",
  "ContentEditor.JPEG, PNG, GIF, or WebP up to 50MB",
  "ContentEditor.Link",
  "ContentEditor.Loading preview...",
  "ContentEditor.Manage translations for this content",
  "ContentEditor.Mark as featured",
  "ContentEditor.Metadata",
  "ContentEditor.More options",
  "ContentEditor.New Page",
  "ContentEditor.New Story",
  "ContentEditor.News",
  "ContentEditor.No profiles available",
  "ContentEditor.No series",
  "ContentEditor.Numbered List",
  "ContentEditor.Page deleted successfully",
  "ContentEditor.Page saved successfully",
  "ContentEditor.Please select a valid image file",
  "ContentEditor.Preview Error",
  "ContentEditor.Preview Only",
  "ContentEditor.Private",
  "ContentEditor.Private description",
  "ContentEditor.Public",
  "ContentEditor.Public description",
  "ContentEditor.Publish",
  "ContentEditor.Published",
  "ContentEditor.Published At",
  "ContentEditor.Quote",
  "ContentEditor.Remove featured",
  "ContentEditor.Remove from series",
  "ContentEditor.Remove translation",
  "ContentEditor.Remove translation confirmation",
  "ContentEditor.Save Draft",
  "ContentEditor.Select profiles to publish to",
  "ContentEditor.Series title",
  "ContentEditor.Slug can only contain lowercase letters, numbers, and hyphens",
  "ContentEditor.Slug is required",
  "ContentEditor.Slug must be at least 12 characters",
  "ContentEditor.Slug must be at least 2 characters",
  "ContentEditor.Slug must be at most 100 characters",
  "ContentEditor.Slug must start with",
  "ContentEditor.Some changes could not be applied",
  "ContentEditor.Split View",
  "ContentEditor.Start writing to see the preview...",
  "ContentEditor.Story Picture URI",
  "ContentEditor.Story created successfully",
  "ContentEditor.Story deleted successfully",
  "ContentEditor.Story saved successfully",
  "ContentEditor.Summary",
  "ContentEditor.Switch",
  "ContentEditor.This slug is already taken",
  "ContentEditor.This slug was previously used",
  "ContentEditor.This story is synced from an external source. Some fields cannot be edited.",
  "ContentEditor.This translation is synced from an external source and cannot be edited. You can add translations in other languages.",
  "ContentEditor.Title is required",
  "ContentEditor.Title must be at most 200 characters",
  "ContentEditor.Translate",
  "ContentEditor.Translating...",
  "ContentEditor.Translation completed",
  "ContentEditor.Translation removed",
  "ContentEditor.Translations",
  "ContentEditor.URI must start with allowed prefix",
  "ContentEditor.Unlisted",
  "ContentEditor.Unlisted description",
  "ContentEditor.Unpublish",
  "ContentEditor.Unpublish from all profiles first",
  "ContentEditor.Unsaved Changes",
  "ContentEditor.Upload",
  "ContentEditor.Upload an image",
  "ContentEditor.Uploading...",
  "ContentEditor.Visibility",
  "ContentEditor.Write your content in markdown...",
  "ContentEditor.current",
  "ContentEditor.url-friendly-slug",
  "ContentEditor.you",
  "Contributions.A collection of open source projects and organizations.",
  "Contributions.Contributed by me",
  "Contributions.Issues",
  "Contributions.Issues contributed by me",
  "Contributions.Issues opened by me",
  "Contributions.Last update",
  "Contributions.Merged PRs by me",
  "Contributions.My contributions",
  "Contributions.My first contribution",
  "Contributions.My last contribution",
  "Contributions.My role in the project",
  "Contributions.No contributions found.",
  "Contributions.Opened PRs by me",
  "Contributions.Organizations and products this person contributes to.",
  "Contributions.PRs",
  "Contributions.Profile Details",
  "Contributions.Project Details",
  "Contributions.Project contributor count",
  "Contributions.Project description",
  "Contributions.Project repository",
  "Contributions.Project website",
  "Contributions.Videos",
  "Contributions.contributor",
  "Contributions.follower",
  "Contributions.individual",
  "Contributions.lead",
  "Contributions.maintainer",
  "Contributions.member",
  "Contributions.organization",
  "Contributions.owner",
  "Contributions.product",
  "Contributions.sponsor",
  "Cookies.accept",
  "Cookies.confirmMessage",
  "Cookies.confirmReject",
  "Cookies.message",
  "Cookies.nevermind",
  "Cookies.reject",
  "CoverDesigner.Accent Color",
  "CoverDesigner.Access Denied",
  "CoverDesigner.An error occurred",
  "CoverDesigner.Back to Story",
  "CoverDesigner.Background Color",
  "CoverDesigner.Background Image",
  "CoverDesigner.Background Pattern",
  "CoverDesigner.Block Spacing",
  "CoverDesigner.Body Font",
  "CoverDesigner.Border Radius",
  "CoverDesigner.Bottom Left",
  "CoverDesigner.Bottom Right",
  "CoverDesigner.Brand",
  "CoverDesigner.Branding",
  "CoverDesigner.Clear Image",
  "CoverDesigner.Colors",
  "CoverDesigner.Content",
  "CoverDesigner.Cover downloaded",
  "CoverDesigner.Cover set successfully",
  "CoverDesigner.Custom",
  "CoverDesigner.Dark",
  "CoverDesigner.Design Cover",
  "CoverDesigner.Diagonal",
  "CoverDesigner.Dots",
  "CoverDesigner.Download",
  "CoverDesigner.Download PNG",
  "CoverDesigner.Download SVG",
  "CoverDesigner.Failed to generate image",
  "CoverDesigner.Failed to update story",
  "CoverDesigner.Failed to upload image",
  "CoverDesigner.Grid",
  "CoverDesigner.Heading Font",
  "CoverDesigner.Image Opacity",
  "CoverDesigner.Layout",
  "CoverDesigner.Leave empty for default",
  "CoverDesigner.Light",
  "CoverDesigner.Line Height",
  "CoverDesigner.Logo Opacity",
  "CoverDesigner.Logo Position",
  "CoverDesigner.No images found",
  "CoverDesigner.None",
  "CoverDesigner.Padding",
  "CoverDesigner.Photo by",
  "CoverDesigner.Save content first to enable cover designer",
  "CoverDesigner.Search for images to use as background",
  "CoverDesigner.Search images...",
  "CoverDesigner.Selected background",
  "CoverDesigner.Set as Cover",
  "CoverDesigner.Show AYA Logo",
  "CoverDesigner.Show Author",
  "CoverDesigner.Show Date",
  "CoverDesigner.Show Story Kind",
  "CoverDesigner.Story has no author",
  "CoverDesigner.Subtitle Override",
  "CoverDesigner.Subtitle Size",
  "CoverDesigner.Templates",
  "CoverDesigner.Text Color",
  "CoverDesigner.Theme Preset",
  "CoverDesigner.Title Override",
  "CoverDesigner.Title Size",
  "CoverDesigner.Top Left",
  "CoverDesigner.Top Right",
  "CoverDesigner.Typography",
  "CoverDesigner.Vertical Position",
  "CoverDesigner.You don't have permission to generate covers for this story.",
  "Discussions.Add a comment",
  "Discussions.Be the first to comment!",
  "Discussions.Comment",
  "Discussions.Continue this thread",
  "Discussions.Delete",
  "Discussions.Discussion",
  "Discussions.Downvote",
  "Discussions.Edit",
  "Discussions.Hidden",
  "Discussions.Hidden by moderator",
  "Discussions.Hide",
  "Discussions.Load replies",
  "Discussions.Loading...",
  "Discussions.Lock thread",
  "Discussions.More actions",
  "Discussions.No comments yet",
  "Discussions.Pin",
  "Discussions.Pinned",
  "Discussions.Reply",
  "Discussions.Save",
  "Discussions.Show",
  "Discussions.Sign in to comment",
  "Discussions.Sign in to vote",
  "Discussions.This comment has been deleted",
  "Discussions.This thread is locked",
  "Discussions.Unknown",
  "Discussions.Unlock thread",
  "Discussions.Unpin",
  "Discussions.Upvote",
  "Discussions.Write a reply...",
  "Discussions.comment_count",
  "Discussions.edited",
  "Discussions.hot",
  "Discussions.newest",
  "Discussions.oldest",
  "Elements.Add Element",
  "Elements.AllTypes",
  "Elements.Description",
  "Elements.Discover individuals and organizations in the AYA community",
  "Elements.FilterByKind",
  "Elements.Individuals",
  "Elements.NoProfilesFound",
  "Elements.Organizations",
  "Elements.SearchPlaceholder",
  "Error.Something went wrong",
  "Error.Try again",
  "Home.A platform connecting the elements that produce and develop for the community",
  "Home.AYA the Open Source Network",
  "Home.About AYA",
  "Home.Be the stargazer",
  "Home.GitHub",
  "Home.Go to your profile",
  "Home.IntroText",
  "Home.Latest Stories",
  "Home.Live",
  "Home.Live Now",
  "Home.Login",
  "Home.Read about our history",
  "Home.SiteSubtitle",
  "Home.Watch Live",
  "Layout.About",
  "Layout.Activities",
  "Layout.An error occurred",
  "Layout.Articles",
  "Layout.Change theme",
  "Layout.Content",
  "Layout.Content not yet available.",
  "Layout.Contributions",
  "Layout.Dark",
  "Layout.Development",
  "Layout.Dismiss",
  "Layout.Elements",
  "Layout.Homepage",
  "Layout.Language",
  "Layout.Light",
  "Layout.Links",
  "Layout.Mailbox",
  "Layout.Members",
  "Layout.Midnight",
  "Layout.News",
  "Layout.Page not found",
  "Layout.Policies",
  "Layout.Privacy Policy",
  "Layout.Products",
  "Layout.Profile",
  "Layout.Profile Not Found",
  "Layout.Q&A",
  "Layout.Referrals",
  "Layout.Series",
  "Layout.Stories",
  "Layout.System",
  "Layout.Terms of Service",
  "Layout.The page you are looking for does not exist. Please check your spelling and try again.",
  "Layout.The profile you are looking for does not exist.",
  "Layout.Use default data source",
  "Layout.Use production data source",
  "Links.All links associated with this profile.",
  "Links.No links found.",
  "Links.Ungrouped",
  "Loading.Loading share options...",
  "Loading.Loading...",
  "Loading.Saving...",
  "Loading.Submitting...",
  "Locales.ar",
  "Locales.de",
  "Locales.en",
  "Locales.es",
  "Locales.fr",
  "Locales.it",
  "Locales.ja",
  "Locales.ko",
  "Locales.nl",
  "Locales.pt-PT",
  "Locales.ru",
  "Locales.tr",
  "Locales.zh-CN",
  "Mailbox.Add details (optional)",
  "Mailbox.Archive",
  "Mailbox.Archive conversation",
  "Mailbox.Conversation",
  "Mailbox.Failed to send",
  "Mailbox.Message",
  "Mailbox.Message title",
  "Mailbox.Messages",
  "Mailbox.New",
  "Mailbox.New Message",
  "Mailbox.No archived conversations",
  "Mailbox.No conversations yet",
  "Mailbox.Remove conversation",
  "Mailbox.Select a conversation",
  "Mailbox.Send",
  "Mailbox.Sent successfully",
  "Mailbox.Show archived",
  "Mailbox.System",
  "Mailbox.System message",
  "Mailbox.Target profile slug description",
  "Mailbox.Target profile slug placeholder",
  "Mailbox.TelegramInvitationInfo",
  "Mailbox.TelegramLinkRequired",
  "Mailbox.This will permanently delete this conversation and all its messages. This action cannot be undone.",
  "Mailbox.Title (optional)",
  "Mailbox.Type a message title...",
  "Mailbox.Type your reply...",
  "Mailbox.Unarchive",
  "Mailbox.Unarchive conversation",
  "Mailbox.Write your message...",
  "Mailbox.Your conversations and messages",
  "Members.Commits",
  "Members.Individuals and organizations that are members of this profile.",
  "Members.No members found.",
  "Members.Stars",
  "News.Add News",
  "News.Failed to create news",
  "News.Latest news and updates from the AYA community",
  "News.News created successfully",
  "News.News item image",
  "News.No image available",
  "Pagination.Go to page",
  "Pagination.of",
  "Products.Add Product",
  "Products.AllStatuses",
  "Products.Description",
  "Products.Details",
  "Products.Discover open source products and projects",
  "Products.FilterByStatus",
  "Products.HelpNeeded",
  "Products.LookingForParticipants",
  "Products.NoProductsFound",
  "Products.SearchProductsPlaceholder",
  "Profile.A brief description about yourself or your organization",
  "Profile.A brief description that will appear on your profile page in this language.",
  "Profile.A friendly name for this link.",
  "Profile.A group administrator should type /register in the group chat. The bot will send a registration code via DM.",
  "Profile.Accept",
  "Profile.Access",
  "Profile.Access Denied",
  "Profile.Access Level",
  "Profile.Add AYA bot to your group",
  "Profile.Add Connection",
  "Profile.Add GitHub Repository",
  "Profile.Add Link",
  "Profile.Add Member",
  "Profile.Add New Link",
  "Profile.Add New Manual Link",
  "Profile.Add Resource",
  "Profile.Add Selected",
  "Profile.Add Team",
  "Profile.Add Telegram Group",
  "Profile.Add Your First Link",
  "Profile.Add Your First Member",
  "Profile.Add Your First Resource",
  "Profile.Add our bot to your Telegram group.",
  "Profile.Add social media and website links",
  "Profile.Added by",
  "Profile.Advanced",
  "Profile.Advanced Settings",
  "Profile.Advanced configuration and developer options for your profile.",
  "Profile.Advanced configuration options",
  "Profile.Advanced settings and configuration options are under development.",
  "Profile.All",
  "Profile.Are you sure you want to delete this link?",
  "Profile.Are you sure you want to delete this page? This action cannot be undone.",
  "Profile.Are you sure you want to reject this? This action cannot be undone.",
  "Profile.Are you sure you want to remove this member? They will be demoted to follower and lose their current access level.",
  "Profile.Are you sure you want to remove this resource?",
  "Profile.Are you sure you want to remove your profile picture?",
  "Profile.Are you sure you want to unfollow this profile?",
  "Profile.Assign Teams",
  "Profile.Available",
  "Profile.Available Languages",
  "Profile.Back to Profile",
  "Profile.Balance",
  "Profile.Basic Information",
  "Profile.Basic profile information and settings",
  "Profile.Brief description of your page",
  "Profile.CV from LinkedIn",
  "Profile.CV page generated successfully",
  "Profile.Cannot change the access level of the only owner.",
  "Profile.Cannot delete team with members",
  "Profile.Cannot delete team with members and resources",
  "Profile.Cannot delete team with resources",
  "Profile.Change Picture",
  "Profile.Change the access level for this member.",
  "Profile.Checking permissions...",
  "Profile.Choose the type of link you're adding.",
  "Profile.Choose which GitHub account or organization to connect.",
  "Profile.Choose which LinkedIn account or organization page to connect.",
  "Profile.Choose who can see this link on your profile.",
  "Profile.Coming Soon",
  "Profile.Configure default settings for new stories.",
  "Profile.Configure your social media link or website.",
  "Profile.Connect",
  "Profile.Connect External Site...",
  "Profile.Connect GitHub",
  "Profile.Connect LinkedIn",
  "Profile.Connect SpeakerDeck...",
  "Profile.Connect Telegram...",
  "Profile.Connect X",
  "Profile.Connect YouTube",
  "Profile.Connect your Telegram account to this profile via our bot.",
  "Profile.Connected",
  "Profile.Connected successfully",
  "Profile.Connecting...",
  "Profile.Connection failed",
  "Profile.Connection was cancelled",
  "Profile.Content Folder",
  "Profile.Contributions Visibility",
  "Profile.Control how modules appear on your profile.",
  "Profile.Control how predefined pages appear on your profile.",
  "Profile.Copy from existing translation:",
  "Profile.Create New Page",
  "Profile.Create Page",
  "Profile.Create Profile",
  "Profile.Create a new custom page for your profile with rich content.",
  "Profile.Create and manage custom content pages for your profile.",
  "Profile.Create custom content pages",
  "Profile.Create your first custom page to showcase additional content.",
  "Profile.Create your new profile. The profile will be created in the selected locale, and you can add additional locales later.",
  "Profile.Creating...",
  "Profile.Current Balance",
  "Profile.Current Links",
  "Profile.Custom Pages",
  "Profile.Custom emoji or initials",
  "Profile.Delete Page",
  "Profile.Description (optional)",
  "Profile.Description is required",
  "Profile.Description is too long",
  "Profile.Disabled",
  "Profile.Display Title",
  "Profile.Edit Access Level",
  "Profile.Edit Link",
  "Profile.Edit Profile",
  "Profile.Edit Resource",
  "Profile.Edit Translation",
  "Profile.Edit...",
  "Profile.Enable discussions by default",
  "Profile.Enter SpeakerDeck URL",
  "Profile.Enter description",
  "Profile.Enter page title",
  "Profile.Enter pronouns",
  "Profile.Enter registration code",
  "Profile.Enter the GitHub repository URL or owner/repo format.",
  "Profile.Enter title",
  "Profile.Enter verification code",
  "Profile.Enter your SpeakerDeck profile URL to connect.",
  "Profile.EnvelopeStatus",
  "Profile.Failed to add member",
  "Profile.Failed to add resource",
  "Profile.Failed to connect",
  "Profile.Failed to connect external site",
  "Profile.Failed to copy content",
  "Profile.Failed to create page",
  "Profile.Failed to create profile",
  "Profile.Failed to create team",
  "Profile.Failed to delete link",
  "Profile.Failed to delete page",
  "Profile.Failed to follow",
  "Profile.Failed to generate CV page",
  "Profile.Failed to initiate GitHub authorization",
  "Profile.Failed to load GitHub accounts",
  "Profile.Failed to load LinkedIn accounts",
  "Profile.Failed to load memberships",
  "Profile.Failed to load pages",
  "Profile.Failed to load profile links",
  "Profile.Failed to load profile pages",
  "Profile.Failed to load repositories",
  "Profile.Failed to load resources",
  "Profile.Failed to remove member",
  "Profile.Failed to remove picture",
  "Profile.Failed to remove resource",
  "Profile.Failed to reorder links",
  "Profile.Failed to reorder pages",
  "Profile.Failed to save link",
  "Profile.Failed to unfollow",
  "Profile.Failed to update membership",
  "Profile.Failed to update profile",
  "Profile.Failed to update resource teams",
  "Profile.Failed to upload picture",
  "Profile.Featured",
  "Profile.Featured Link",
  "Profile.File too large",
  "Profile.Follow",
  "Profile.Followed successfully",
  "Profile.For apps, projects, tools and services",
  "Profile.For user groups and teams",
  "Profile.From",
  "Profile.Gain",
  "Profile.Generate",
  "Profile.Generating...",
  "Profile.GitHub Repositories",
  "Profile.GitHub Repository",
  "Profile.GitHub repository URL is required",
  "Profile.Group name (optional)",
  "Profile.Hidden",
  "Profile.Hide this link from your public profile.",
  "Profile.How this link should appear",
  "Profile.Icon",
  "Profile.Import content from your static site's GitHub repository.",
  "Profile.Individual profile exists",
  "Profile.Individual profiles not allowed",
  "Profile.Invalid file type",
  "Profile.Invalid or expired registration code",
  "Profile.Invalid or expired verification code. Please try again.",
  "Profile.Invite someone",
  "Profile.Jekyll, Hugo or Zola site",
  "Profile.Languages with existing translations are highlighted.",
  "Profile.Link Description",
  "Profile.Link Group",
  "Profile.Link Type",
  "Profile.Link Visibility",
  "Profile.Link created successfully",
  "Profile.Link deleted successfully",
  "Profile.Link updated successfully",
  "Profile.Links Visibility",
  "Profile.Links reordered successfully",
  "Profile.Live",
  "Profile.Loading pages...",
  "Profile.Manage and reorder your profile pages.",
  "Profile.Manage teams for this profile.",
  "Profile.Manage translations for your profile in different languages.",
  "Profile.Manage who has access to this profile and their permission levels.",
  "Profile.Manage your profile in multiple languages",
  "Profile.Manage your profile information, links, and preferences.",
  "Profile.Manage your resources and integrations.",
  "Profile.Manage your social media links and external websites.",
  "Profile.Manage your stories and articles.",
  "Profile.Manual Link",
  "Profile.Manual Link...",
  "Profile.Member added successfully",
  "Profile.Member removed successfully",
  "Profile.Members Visibility",
  "Profile.Membership updated successfully",
  "Profile.MembershipKind",
  "Profile.New Profile",
  "Profile.New stories will have discussions enabled automatically.",
  "Profile.No custom pages yet",
  "Profile.No inbox items yet.",
  "Profile.No links added yet.",
  "Profile.No members added yet.",
  "Profile.No pages found.",
  "Profile.No repositories found.",
  "Profile.No resources added yet.",
  "Profile.No stories found.",
  "Profile.No teams yet.",
  "Profile.No transactions yet.",
  "Profile.Not shown in navigation, but accessible via direct link.",
  "Profile.Open Telegram Bot",
  "Profile.Optional pronouns to display on your profile",
  "Profile.Organization",
  "Profile.Other",
  "Profile.Page Content",
  "Profile.Page Slug",
  "Profile.Page Summary",
  "Profile.Page Title",
  "Profile.Page created successfully",
  "Profile.Page is completely disabled and returns 404.",
  "Profile.Pages",
  "Profile.Pages reordered successfully",
  "Profile.Paste registration code",
  "Profile.Paste the code below and click Verify.",
  "Profile.Paste verification code",
  "Profile.Personal",
  "Profile.Picture removed successfully",
  "Profile.Picture uploaded successfully",
  "Profile.Please fill in all required fields",
  "Profile.Please log in to manage pages",
  "Profile.Please select a profile type",
  "Profile.Please select a user",
  "Profile.Predefined Pages",
  "Profile.Predefined Pages...",
  "Profile.Preferences",
  "Profile.Preferences saved",
  "Profile.Profile",
  "Profile.Profile Picture",
  "Profile.Profile Settings",
  "Profile.Profile created successfully",
  "Profile.Profile description in this language...",
  "Profile.Profile picture removed successfully",
  "Profile.Profile title in this language",
  "Profile.Profile updated successfully",
  "Profile.Public",
  "Profile.Q&A Visibility",
  "Profile.Reconnect",
  "Profile.Register your Telegram group as a resource via our bot.",
  "Profile.Reject",
  "Profile.Reject Envelope",
  "Profile.Remove Connection",
  "Profile.Remove Member",
  "Profile.Remove Picture",
  "Profile.Remove Resource",
  "Profile.Removing...",
  "Profile.Repositories are listed from your own GitHub account access.",
  "Profile.Resource added successfully",
  "Profile.Resource removed successfully",
  "Profile.Resource teams updated successfully",
  "Profile.Resources",
  "Profile.Resources added successfully",
  "Profile.Save Changes",
  "Profile.Save Translation",
  "Profile.Search for a user by their username, email, or name.",
  "Profile.Search repositories...",
  "Profile.Search users...",
  "Profile.Select GitHub Account",
  "Profile.Select GitHub Repository",
  "Profile.Select LinkedIn Account",
  "Profile.Select link type",
  "Profile.Select repositories to add as resources.",
  "Profile.Select visibility",
  "Profile.Send /start to the bot and it will reply with a verification code.",
  "Profile.Set link visibility",
  "Profile.Show this link in the sidebar.",
  "Profile.Site URL",
  "Profile.Site URL is required",
  "Profile.Slug can only contain lowercase letters, numbers, and hyphens",
  "Profile.Slug must be at least 2 characters",
  "Profile.Slug must be at most 50 characters",
  "Profile.Social Links",
  "Profile.Soon you'll be able to create custom pages with rich content using MDX format.",
  "Profile.Soon you'll have access to advanced features like API keys, webhooks, and custom integrations.",
  "Profile.SpeakerDeck profile not found",
  "Profile.Spend",
  "Profile.Story Defaults",
  "Profile.Story Defaults...",
  "Profile.System",
  "Profile.Team created successfully",
  "Profile.Team deleted successfully",
  "Profile.Team name",
  "Profile.Teams",
  "Profile.Teams...",
  "Profile.Telegram Group",
  "Profile.Telegram Groups",
  "Profile.Telegram connected!",
  "Profile.Telegram group URL",
  "Profile.Telegram group added successfully",
  "Profile.Telegram group registered!",
  "Profile.The code expires in 10 minutes. If it expires, send /start again to get a new one.",
  "Profile.The code expires in 10 minutes. If it expires, type /register again to get a new one.",
  "Profile.The custom pages feature is currently under development.",
  "Profile.The display name for your profile in this language.",
  "Profile.The folder containing your posts in the repository. Leave empty to import from the root.",
  "Profile.The full URL to your profile or website.",
  "Profile.The production URL of your website.",
  "Profile.This field is managed automatically and cannot be edited.",
  "Profile.This profile does not have a connected GitHub account. Please connect GitHub first in Social Links settings.",
  "Profile.This slug is already taken",
  "Profile.This slug is reserved",
  "Profile.This slug is unavailable",
  "Profile.Title is required",
  "Profile.Title is too long",
  "Profile.To",
  "Profile.Transaction History",
  "Profile.TransactionType",
  "Profile.Transfer",
  "Profile.Translated",
  "Profile.Translations",
  "Profile.Type /register in the group",
  "Profile.Type /start, get the code",
  "Profile.URL",
  "Profile.URL-friendly identifier for your page",
  "Profile.Unfollow",
  "Profile.Unfollowed successfully",
  "Profile.Update Link",
  "Profile.Update the title and description for this language.",
  "Profile.Uploading...",
  "Profile.Use /invitations in bot to redeem",
  "Profile.Verify",
  "Profile.View your point balance and transaction history.",
  "Profile.Visibility Description.contributors",
  "Profile.Visibility Description.followers",
  "Profile.Visibility Description.leads",
  "Profile.Visibility Description.maintainers",
  "Profile.Visibility Description.owners",
  "Profile.Visibility Description.public",
  "Profile.Visibility Description.sponsors",
  "Profile.Visibility.contributors",
  "Profile.Visibility.followers",
  "Profile.Visibility.leads",
  "Profile.Visibility.maintainers",
  "Profile.Visibility.members",
  "Profile.Visibility.owners",
  "Profile.Visibility.public",
  "Profile.Visibility.sponsors",
  "Profile.Visible in navigation and accessible by everyone.",
  "Profile.Watch Live",
  "Profile.Write your content here (supports Markdown)...",
  "Profile.You do not have permission to edit this profile.",
  "Profile.You don't have permission to create pages for this profile.",
  "Profile.Your Telegram account has been linked to this profile.",
  "Profile.Your Telegram group has been registered as a resource.",
  "Profile.Your existing social media links and websites.",
  "Profile.Your inbox items and invitations.",
  "Profile.Your personal profile",
  "Profile.https://example.com/image.jpg",
  "Profile.member",
  "Profile.members",
  "Profile.my-custom-page",
  "Profile.points",
  "Profile.resource",
  "Profile.resources",
  "ProfileSettings.Envelope Kind",
  "ProfileSettings.Failed to send invitation",
  "ProfileSettings.Invalid or expired invite code",
  "ProfileSettings.Invitation sent successfully",
  "ProfileSettings.Invite Code",
  "ProfileSettings.Optional message text",
  "ProfileSettings.Profile not found",
  "ProfileSettings.Send In-mail",
  "ProfileSettings.Send an envelope to a profile",
  "ProfileSettings.Standard Message",
  "ProfileSettings.Target Profile Slug",
  "ProfileSettings.Telegram Group Invite",
  "ProfileSettings.Title for the message",
  "ProfileSettings.Use /invite in a Telegram group to get a code",
  "QA.Anonymous",
  "QA.Answer",
  "QA.Answered",
  "QA.Ask a Question",
  "QA.Ask a question to this profile.",
  "QA.Be the first to ask a question!",
  "QA.Edit",
  "QA.Failed to edit answer",
  "QA.Hidden",
  "QA.Hide",
  "QA.Login to vote",
  "QA.No questions yet.",
  "QA.Questions and answers",
  "QA.Show",
  "QA.Stay anonymous",
  "QA.Submit",
  "QA.Your answer...",
  "QA.Your question...",
  "QA.asked",
  "QA.votes",
  "Referrals.Actions.Cancel",
  "Referrals.Actions.Confirm",
  "Referrals.Actions.Freeze",
  "Referrals.Actions.FreezeConfirm",
  "Referrals.Actions.Reject",
  "Referrals.Actions.RejectConfirm",
  "Referrals.Actions.SendInvite",
  "Referrals.Actions.SendInviteConfirm",
  "Referrals.Actions.StatusUpdateFailed",
  "Referrals.Actions.StatusUpdated",
  "Referrals.Actions.Unfreeze",
  "Referrals.Actions.UnfreezeConfirm",
  "Referrals.Add a comment (optional)",
  "Referrals.Agree",
  "Referrals.Comment saved",
  "Referrals.Disagree",
  "Referrals.Enter profile slug",
  "Referrals.Failed to create referral. Please check the username and try again.",
  "Referrals.Failed to submit vote",
  "Referrals.Neutral",
  "Referrals.No referrals yet",
  "Referrals.Refer Someone",
  "Referrals.Referral proposals for new members.",
  "Referrals.Referred by",
  "Referrals.Save comment",
  "Referrals.Status.frozen",
  "Referrals.Status.invitation_accepted",
  "Referrals.Status.invitation_pending_response",
  "Referrals.Status.invitation_rejected",
  "Referrals.Status.reference_rejected",
  "Referrals.Status.voting",
  "Referrals.Strongly Agree",
  "Referrals.Strongly Disagree",
  "Referrals.Submit Referral",
  "Referrals.Suggested Teams",
  "Referrals.Username",
  "Referrals.View All",
  "Referrals.average",
  "Referrals.votes",
  "Search.Button",
  "Search.EnterQuery",
  "Search.General search",
  "Search.Localization",
  "Search.No results found.",
  "Search.NoResults",
  "Search.Page",
  "Search.Placeholder",
  "Search.Profile",
  "Search.Profile search...",
  "Search.Profiles",
  "Search.ResultCount",
  "Search.Results",
  "Search.Results for {{query}}",
  "Search.Search",
  "Search.Search for profiles, stories, and pages",
  "Search.Story",
  "Search.Suggestions",
  "Search.Theme: Light",
  "Search.Theme: Midnight",
  "Search.Theme: System",
  "Search.Themes",
  "Search.Title",
  "Series.Browse story series from the AYA community",
  "Series.No series yet",
  "Series.No stories in this series yet",
  "Series.Stories in this series",
  "Series.series_count",
  "Stories.All",
  "Stories.Announcement",
  "Stories.Article",
  "Stories.Browse articles and stories from the AYA community",
  "Stories.Browse stories from {{profile}}",
  "Stories.Content",
  "Stories.Copy link",
  "Stories.Description",
  "Stories.Download Markdown",
  "Stories.Presentation",
  "Stories.Publications",
  "Stories.Published on",
  "Stories.Reading time",
  "Stories.Share",
  "Stories.Share on LinkedIn",
  "Stories.Share on Reddit",
  "Stories.Share on Telegram",
  "Stories.Share on WhatsApp",
  "Stories.Share on X",
  "Stories.Status",
  "Stories.Written by",
  "Stories.min read",
]
`;
